---
created: "2019-04-25T18:00:11.876980400Z"
creator: insta@0.7.4
source: src/bin/snapshots.rs
expression: forest
---
Ok(
    _ => ModuleContents {
        attrs: _ => [],
        items: _ => [
            _ => Item {
                attrs: _ => [],
                kind: _ => ItemKind::Fn {
                    header: _ => FnHeader,
                    decl: _ => FnDecl {
                        name: _
                    },
                    body: _ => Block {
                        attrs: _ => []
                    }
                }
            }
        ]
    }
)
